Welcome to OurScheme!

> ERROR (unbound symbol) : ab

> a defined

> "=============== Problem 8 viewable case ================="

> environment cleaned

> ERROR (unbound symbol) : a

> ERROR (level of CLEAN-ENVIRONMENT)

> 3

> -0.125

> ERROR (no closing quote) : END-OF-LINE encountered at Line 1 Column 9

> ( 3
  .
  4
)

> ( 3
)

> ( 30
)

> ( 30
)

> nil

> ( nil
)

> ( nil
)

> ( nil
)

> ERROR (unbound symbol) : CONS

> ERROR (unbound symbol) : hello

> ERROR (unbound symbol) : hello

> ERROR (unbound symbol) : CONS

> ( 1
  2
  3
)

> nil

> ( nil
  2
  3
  nil
)

> ( 1
  2
  3
)

> ERROR (incorrect number of arguments) : cons

> ( nil
  2
  3
  nil
)

> ERROR (incorrect number of arguments) : cons

> ERROR (incorrect number of arguments) : cons

> ERROR (level of CLEAN-ENVIRONMENT)

> ERROR (incorrect number of arguments) : cons

> ERROR (attempt to apply non-function) : 3

> ( 3
  4
  5
)

> 3

> ERROR (unexpected token) : atom or '(' expected when token at Line 1 Column 2 is >>.<<

> ( 3
  ( 4
    5
  )
)

> ERROR (attempt to apply non-function) : 4321

> ( 3
  4321
  5
)

> ERROR (attempt to apply non-function) : 4

> ( 3
  ( 4
    5
  )
)

> ( 3
  ( 4
    5
  )
  6
  ( 7
    8
  )
)

> ERROR (unbound symbol) : abc

> a defined

> ERROR (level of DEFINE)

> 5 defined

> cons defined

> define defined

> ERROR (incorrect number of arguments) : define

> ERROR (incorrect number of arguments) : define

> ERROR (incorrect number of arguments) : define

> ERROR (level of DEFINE)

> ERROR (incorrect number of arguments) : cons

> ERROR (level of CLEAN-ENVIRONMENT)

> bcd defined

> ( 3
  .
  5
)

> 5

> x defined

> ( ( 3
    4
  )
  5
)

> hello defined

> ( 1
  2
  .
  3
)

> ( ( 1
    2
    .
    3
  )
  .
  4
)

> ( ( 1
    2
    .
    3
  )
  4
)

> hello defined

> ( ""CYCU ICE""
  ( ""CYCU ICE""
    .
    ""CYCU ICE""
  )
)

> 