Welcome to OurScheme!

> a defined

> "=============== Problem 7 viewable case ================="

> environment cleaned

> x1 defined

> x2 defined

> x3 defined

> Fcond defined

> 24

> 40

> -20

> Fif defined

> -34

> -43

> 52

> 32

> Fbegin defined

> 0

> 83

> 7

> Fand defined

> nil

> nil

> #t

> nil

> For defined

> nil

> #t

> #t

> nil

> nil

> #t

> Flambda defined

> #<procedure Flambda>

> #<procedure lambda>

> #<procedure lambda>

> 6

> 9

> environment cleaned

> x1 defined

> x2 defined

> x3 defined

> Fcond defined

> 12

> 7

> 20

> ERROR (no return value) : ( Fcond
  x1
  x1
)

> ERROR (no return value) : ( Fcond
  ( +
    x3
    1
  )
  ( -
    ( +
      x3
      2
    )
    1
  )
)

> Fif defined

> temp1 defined

> temp2 defined

> temp3 defined

> 80

> ERROR (no return value) : ( Fif
  x1
  x2
  x3
)

> ERROR (unbound parameter) : ( Fcond
  x1
  x1
)

> 73

> ERROR (no return value) : ( Fif
  x3
  x2
  x3
)

> -125

> ERROR (unbound parameter) : ( Fif
  x1
  x2
  x3
)

> Fbegin defined

> 9

> 83

> ERROR (no return value) : ( Fbegin
  -80
)

> 9

> Fand defined

> #t

> ERROR (unbound condition) : ( if
  ( >
    x2
    0
  )
  ( <
    x1
    40
  )
)

> #t

> ERROR (unbound condition) : ( if
  ( >
    x2
    0
  )
  ( <
    x1
    40
  )
)

> For defined

> nil

> #t

> #t

> nil

> nil

> #t

> Flambda defined

> #<procedure Flambda>

> #<procedure lambda>

> ERROR (no return value) : ( Flambda
  -10
)

> 6

> ERROR (no return value) : ( Flambda
  -10
)

> 12

> ERROR (no return value) : ( Flambda
  -10
)

> ERROR (unbound parameter) : ( Flambda
  -10
)

> ERROR (+ with incorrect argument type) : #<procedure lambda>

> ERROR (no more input) : END-OF-FILE encountered
Thanks for using OurScheme!