Welcome to OurScheme!

> a defined

> "=============== Problem 2 viewable case ================="

> environment cleaned

> x1 defined

> x2 defined

> x3 defined

> Fcond defined

> 24

> 40

> -20

> Fif defined

> -34

> -43

> 52

> 32

> Fbegin defined

> 0

> 83

> 7

> Fand defined

> nil

> nil

> #t

> nil

> For defined

> nil

> #t

> #t

> nil

> nil

> #t

> Flambda defined

> #<procedure Flambda>

> #<procedure lambda>

> #<procedure lambda>

> 6

> 9

> environment cleaned

> ERROR (unbound symbol) : let

> ERROR (unbound symbol) : let

> ERROR (unbound symbol) : let

> environment cleaned

> a defined

> ERROR (unbound symbol) : let

> 5

> ERROR (unbound symbol) : let

> 5

> ERROR (unbound symbol) : let

> ERROR (unbound symbol) : let

> ERROR (unbound symbol) : let

> 
Thanks for using OurScheme!